name: std_bank_mohawk
subname: std_b_mohawk
type: bank
tile: # = stone wall
tile: o = pavement
tile: . = floor
tile: 0 = dirt / grass
tile: + = closed glass door
tile: * = closed door
tile: X = glass wall
tile_group: x = w:4 glass wall / w:1 floor
tile: " = window
tile: ' = glass wall / stone wall
tile: % = counter
tile: T = toilet
tile: K = sink
tile: 123 = display rack
# item_group:  5 1 = items_valuables
# item_group:  1 2 = items_superrarevalue
# item_group: 25 3 = items_cash
shuffle: 123
# The racks at the back contain a random group
subst: { = 123
map:
ooooooooooooooooooooooooo
000##XXXXXX+++XXXXXX##000
000#.................#000
000X.....xxxxxxx.....X000
000X.................X000
000#.......%%........#000
000###.....%%......###000
000X.......%%........X000
000#.................#000
000#*##%##%##%##%##%##000
000'.#...............X000
000#.*........XXXXXXX#000
000########...X......#000
000'..*.......+......X000
000#TK#.......X......#000
000####*##############000
000#.....#############000
000'.....##.1.1.1..3##000
000#.....**........3##000
000#.....**........3##000
000'.....##.2.2.2..3##000
000#.....#############000
000###################000
0000000000000000000000000
0000000000000000000000000
endmap
done

name: std_bank_mohawk_roof
subname: std_b_mohawk
floor: 1
type: bank
tile: 0 = Empty
tile: * = Roof
map:
0000000000000000000000000
0000000000000000000000000
0000000000000000000000000
000*******************000
000*******************000
000*******************000
000*******************000
000*******************000
000*******************000
000*******************000
000*******************000
000*******************000
000*******************000
000*******************000
000*******************000
000*******************000
000*******************000
000*******************000
000*******************000
000*******************000
000*******************000
000*******************000
000*******************000
0000000000000000000000000
0000000000000000000000000
endmap
done
