### FILENAME GOES HERE
#
# The following tags are used: (# marks a line or part of a line as a comment)
#
# "name:" - Required.  A description of this spec.  It should appear first for
#           debugging reasons.
# "type:" - Required.  The World_terrain name this spec applies to.  See
#           world_terrain.dat for a list of World_terrains.
# "adjacent" - If this tag is present, then this map is an "adjacency" map.
#              This should appear before "base_terrain:" or "tile:" lines.
# "base_terrain:" - Recommended.  A terrain specification to be used for tiles
#                   which are not defined in the map section.
# "weight:" - A weight used when randomly choosing specs.  If omitted, the
#             weight defaults to 100.  A spec with weight 200 is twice as likely#             to be used as one with weight 100.
# "tile:" - Defines a terrain used in the map section.
# "items:" - Defines an item drop used in the map section.
# "map:" - Defines the start of the map section.
# "endmap" - Defines the end of the map section.
# "done" - Required.  Marks the end of this spec.
#
# See the bottom of this file for details on base_terrain and tile terrain
# specifications, item drop specifications, and adjacency maps.

name: std_hardware_store_whales
subname: std_hardware_store_whales
type: hardware store
tile: # = stone wall
tile: . = floor
tile: o = dirt / grass
tile: + = closed glass door
tile: * = closed door
tile: X = glass wall
tile: " = window
tile: {1234567 = display rack
tile: % = counter
tile: T = toilet
tile: K = sink

item_group: 15 1 = items_hardware
item_group: 35 2 = items_cleaning
item_group: 16 3 = items_small_tools
item_group: 12 4 = items_big_tools
item_group: 15 5 = items_misc_construction
item_group: 40 6 = items_garden_tools
item_group: 45 7 = items_home_hardware

# Shuffle the item groups, so that certain types aren't always in the same place
shuffle: 12345

map:
ooo######XXXX+XXXXXX##ooo
ooo#1111............2#ooo
ooo#................2#ooo
ooo#1..1#..%...%....2#ooo
ooo#1..1#..%...%....2#ooo
ooo#1..1#..%...%....2#ooo
ooo#1..1#..%...%....2#ooo
ooo#1..1#...........2#ooo
ooo###*##..3333333..2#ooo
ooo#T...#...........2#ooo
ooo#K...#...........2#ooo
ooo######..6666666..2#ooo
ooo#44444...........2#ooo
ooo#4...............2#ooo
ooo#4......5555555..2#ooo
ooo#4...............2#ooo
ooo#4...............2#ooo
ooo#44444..7777777..2#ooo
ooo###################ooo
ooooooooooooooooooooooooo
ooooooooooooooooooooooooo
ooooooooooooooooooooooooo
ooooooooooooooooooooooooo
ooooooooooooooooooooooooo
ooooooooooooooooooooooooo
endmap
done

name: std_hardware_store_whales_roof
subname: std_hardware_store_whales
floor: 1
type: hardware store
tile: . = floor
tile: o = empty
map:
ooo...................ooo
ooo...................ooo
ooo...................ooo
ooo...................ooo
ooo...................ooo
ooo...................ooo
ooo...................ooo
ooo...................ooo
ooo...................ooo
ooo...................ooo
ooo...................ooo
ooo...................ooo
ooo...................ooo
ooo...................ooo
ooo...................ooo
ooo...................ooo
ooo...................ooo
ooo...................ooo
ooo...................ooo
ooooooooooooooooooooooooo
ooooooooooooooooooooooooo
ooooooooooooooooooooooooo
ooooooooooooooooooooooooo
ooooooooooooooooooooooooo
ooooooooooooooooooooooooo
endmap
done

name: small_hardware_store_whales
subname: small_hw_whales
type: hardware store
weight: 80
tile: o = grass / dirt
tile: * = pavement
tile: ^ = yellow pavement
tile: #bcd = stone wall
tile: X = glass wall
tile: " = window
tile: . = floor
tile: % = counter
tile: T = toilet
tile: K = sink
tile: D = dumpster
tile: + = closed door
tile: a = w:3 locked door / w:1 closed door
tile: {1234567 = display rack

item_group: 25 { = items_behind_counter
item_group: 65 D = items_trash
item_group: 15 1 = items_hardware
item_group: 35 2 = items_cleaning
item_group: 16 3 = items_small_tools
item_group: 12 4 = items_big_tools
item_group: 15 5 = items_misc_construction
item_group: 40 6 = items_garden_tools
item_group: 45 7 = items_home_hardware

# Shuffle the item racks so they're not always in the same place
shuffle: 12345
# Shuffle the placement of the back door
shuffle: abcd

map:
*************************
*************************
****^***^*******^***^***^
****^***^*******^***^***^
****^***^*******^***^***^
****^***^*******^***^***^
****^***^*******^***^***^
****##XXXX#+#XXXX########
****#{....%......3333333#
****#{....%............6#
****#..%%%%............6#
****#........11111111..6#
****#.55555..22222222..6#
****#..................6#
****#.77777..44444444..6#
****#+#####ab########cd##
****#..T"******DDD*******
****#..K#****************
****#####****************
*************************
*************************
*************************
*************************
ooooooooooooooooooooooooo
ooooooooooooooooooooooooo
endmap
done

name: small_hardware_store_whales_roof
subname: small_hw_whales
type: hardware store
floor: 1
tile: o = empty
tile: . = roof
map:
ooooooooooooooooooooooooo
ooooooooooooooooooooooooo
ooooooooooooooooooooooooo
ooooooooooooooooooooooooo
ooooooooooooooooooooooooo
ooooooooooooooooooooooooo
ooooooooooooooooooooooooo
oooo.....................
oooo.....................
oooo.....................
oooo.....................
oooo.....................
oooo.....................
oooo.....................
oooo.....................
oooo.....................
oooo.....oooooooooooooooo
oooo.....oooooooooooooooo
oooo.....oooooooooooooooo
ooooooooooooooooooooooooo
ooooooooooooooooooooooooo
ooooooooooooooooooooooooo
ooooooooooooooooooooooooo
ooooooooooooooooooooooooo
ooooooooooooooooooooooooo
endmap
done

# Vaguely based on Foster Farrar in Northampton, MA
name: foster_hardware_store_whales
subname: foster_hw_whales
type: hardware store
weight: 40
tile: * = pavement
tile: # = stone wall
tile: X = glass wall
tile: % = counter
tile: . = floor
tile: + = closed glass door
tile: T = toilet
tile: K = sink
tile: @ = w:3 locked door / w:1 closed door
tile: {123456789 = display rack
tile: D = dumpster

item_group: 15 1 = items_hardware
item_group: 35 2 = items_cleaning
item_group: 16 3 = items_small_tools
item_group: 12 4 = items_big_tools
item_group: 15 5 = items_misc_construction
item_group: 40 6 = items_garden_tools
item_group: 45 7 = items_home_hardware
item_group: 15 8 = items_snacks
item_group: 30 9 = items_misc_goods
item_group: 10 { = items_garage
item_group: 80 D = items_trash

shuffle: 1234567
map:
#XXXX####XXXX#***********
#............#***********
#2..23..34..4#***********
#2..23..34..4#***********
#2..23..34..4#***********
#2..23..34..4#***********
#2..23..34..4#***********
#2..23..34..4#***********
#2..23..34..4##XXXX+XXX##
#......................1#
#......................1#
#5..56..69..8...%%%%%..1#
#5..56..69..8.......%..1#
#5..56..69..8.......%..1#
#5..56..69..8.......%..1#
#5..56..69..8...%%%%%..1#
#3..56..69..8..........1#
#......................1#
#.............11111111.1#
#7..7........#########@##
#7..7....{{{{#****DDD****
#7..7....#####D**********
#7..7....#..K#D**********
#........+..T#D**********
##############***********
endmap
done

name: foster_hardware_store_whales_roof
subname: foster_hw_whales
type: hardware store
level: 1
tile: * = empty
tile: . = roof
map:
..............***********
..............***********
..............***********
..............***********
..............***********
..............***********
..............***********
..............***********
.........................
.........................
.........................
.........................
.........................
.........................
.........................
.........................
.........................
.........................
.........................
.........................
..............***********
..............***********
..............***********
..............***********
..............***********
endmap
done

name: adj_hardware_store_whales
type: hardware store
adjacent
adj_on: road
tile: a = pavement
map:
aaaaaaaaaaaaaaaaaaaaaaaaa
aaaaaaaaaaaaaaaaaaaaaaaaa
aaaaaaaaaaaaaaaaaaaaaaaaa
aaaaaaaaaaaaaaaaaaaaaaaaa
aaaaaaaaaaaaaaaaaaaaaaaaa
aaaaaaaaaaaaaaaaaaaaaaaaa
aaaaaaaaaaaaaaaaaaaaaaaaa
aaaaaaaaaaaaaaaaaaaaaaaaa
aaaaaaaaaaaaaaaaaaaaaaaaa
aaaaaaaaaaaaaaaaaaaaaaaaa
aaaaaaaaaaaaaaaaaaaaaaaaa
aaaaaaaaaaaaaaaaaaaaaaaaa
.........................
.........................
.........................
.........................
.........................
.........................
.........................
.........................
.........................
.........................
.........................
.........................
.........................
endmap
done

# A recommended format for spec names is <DESC>_<TYPE>_<NAME>
#  <DESC> is a short description of the unusual feature of this spec.  If it is
#         not unusual, use "std".
#  <TYPE> is the World_terrain used here.
#  <NAME> is your name, initials, or handle.
# This format makes it easy to identify the spec when debugging.
#
# The "tile:" line uses the following format:
#       tile: abc = w:20 dirt / w:15 grass / tree
# "abc" is a list of characters which, when found in the map section, will use
# this terrain.  You can include spaces and they will be ignored.
# " = " delineates between the list of characters and the terrain spec.  It must
# be surrounded by spaces.
# The rest of the line is a list of terrain names (from terrain.dat).  A terrain
# is randomly picked from this list.  You must place " / " between terrain
# names.  You can also include "w:20" with the terrain name to define its
# weight for random selection.  If omitted, the weight defaults to 10.  A
# terrain with weight 20 is twice as likely to be chosen as a terrain with
# weight 10.
#
# The "base_terrain:" line uses the same terrain spec format, but of course the
# list of characters and the " = " are not used.
#
# The "items:" line uses the following format:
#       50 abc = rock / w:20 stick
# The number at the front MUST be present.  It's the percentage chance of
# placing a single item.  If one item is used, the same chance is used to decide
# whether to place a second item, and so on until the chance fails.  It must be
# between 1 and 99.  If it's not, you will be warned and the chance will be
# corrected.
# The rest of the line is very similar to the terrain specifications, but with
# item names (from items.dat) instead of terrain names.
#
# The "map:" tag should appear on its own line.  It is followed by 25 lines of
# 25 characters each - you will be warned if there are missing characters or
# extra characters.  It is a list of characters which refer back to the "tile:"
# or "items:" lines.  If no matching "tile:" is found, the base_terrain is used;
# if the base_terrain is not present, the first terrain in terrain.dat is used.
#
# "Adjacency" specs are identified by placing the "adjacent" tag in the spec.
# These specs are used when generating a map ADJACENT to the specified type.
# Adjacency specs should be designed as if the adjacent terrain were to the
# north; the spec will be rotated as needed.
# The base terrain is generated, and then the adjacency map is generated on top.
# Adjacency specs are the same as normal maps, but with the difference that
# it is allowed to use "nothing" as a terrain name.  If "nothing" is selected,
# then the terrain in the map will be unchanged.  Also, ONLY floor terrain will
# be changed; non-floor terrain will be unchanged.
