### mall_entrance.map
#
# The following tags are used: (# marks a line or part of a line as a comment)
#
# "name:" - Required.  A description of this spec.  It should appear first for
#           debugging reasons.
# "type:" - Required.  The World_terrain name this spec applies to.  See
#           world_terrain.dat for a list of World_terrains.
# "adjacent" - If this tag is present, then this map is an "adjacency" map.
#              This should appear before "base_terrain:" or "tile:" lines.
# "base_terrain:" - Recommended.  A terrain specification to be used for tiles
#                   which are not defined in the map section.
# "weight:" - A weight used when randomly choosing specs.  If omitted, the
#             weight defaults to 100.  A spec with weight 200 is twice as likely#             to be used as one with weight 100.
# "tile:" - Defines a terrain used in the map section.
# "items:" - Defines an item drop used in the map section.
# "map:" - Defines the start of the map section.
# "endmap" - Defines the end of the map section.
# "done" - Required.  Marks the end of this spec.
#
# See the bottom of this file for details on base_terrain and tile terrain
# specifications, item drop specifications, and adjacency maps.

# The rare 0-neighbor mall entrance.  It's a strip mall!

Name: n0_mall_entrance_whales
# This is identical to the 0-neighbor mall - so we'll use the same roof.  See
# mall_1.map for its definition.
subname: 0_mall_whales
type: mall entrance
neighbors: 0

tile: # = stone wall
tile: . = floor
tile: * = pavement
tile: ^ = yellow pavement
tile: X = glass wall
tile: + = w:8 closed glass door / w:1 locked door
tile: % = counter

shuffle: 123
shuffle: 456
shuffle: 78
tile: 147 = w:8 closed glass door / w:1 locked door
tile: 23568 = glass wall

subst: ABC = w:10 a / w:8 b / w:11 c / w:7 d / w:6 e / w:5 f / w:9 g / w:20 h / w:6 i / w:4 j

tile: abcdefghij = display rack
item_group: 70 a = items_tools
item_group: 70 b = items_garden_tools
item_group: 70 c = items_misc_goods
item_group: 70 d = items_soft_drugs
item_group: 70 e = items_computer_room
item_group: 70 f = items_food_shelves
item_group: 70 g = items_office
item_group: 70 h = items_all_clothes
item_group: 70 i = items_hard_liquor
item_group: 70 j = items_pawn_shop

map:
^***^***^***^***^***^****
^***^***^***^***^***^****
^***^***^***^***^***^****
^***^***^***^***^***^****
##XXXXXXXX#XXXXXXXX##^^^^
#...................X****
#..A..A..A..A.......1****
#..A..A..A..A.......2****
#..A..A..A..A.......3^^^^
#..A..A..A..A...%%%%X****
#...................X****
#####################****
#BBBBBBBBB..........X^^^^
#B..........B.B.....4****
#B..BB..BB..B.B.....5****
#B..BB..BB..B.B.....6****
#B..........B.B.%%%%X^^^^
#BBBBBBBBB..........X****
#####################****
#CCCCC..CCCCC.......X****
#...................7^^^^
#CCCCC..CCCCC.......8****
#...............%%%%X****
#CCCCC..CCCCC.......X****
#####################^^^^
endmap
done

name: n1_mall_entrance_1_whales
subname: n1_mall_entrance_1_whales
type: mall entrance
neighbors: 1

tile: # = stone wall
tile: . = floor
tile: X = glass wall
tile: + = closed glass door
tile_group: ' = w:3 closed glass door / w:1 glass wall
tile: % = short stone wall
tile: * = dirt
tile: T = w:2 small tree / w:1 dirt
tile: & = mall map
tile_group: I = w:3 column / w:1 floor
tile: o = grass / dirt
tile: @ = concrete floor

subst: 12 = w:3 ? / w:1 X
tile_group: ? = w:5 closed glass door / w:1 glass wall

map:
#.......................#
#.......................#
#....I....%%%%%....I....#
#.........%*T*%.........#
#.........%***%.........#
#....I....%T*T%....I....#
#.........%***%.........#
#.........%*T*%.........#
#....I....%%%%%....I....#
#.......................#
#.......................#
#XX.......&&&&&.......XX#
o@XX.......&&&.......XX@o
o@@X1.......&.......2X@@o
o@@@?1.............2?@@@o
o@@@@XX...........XX@@@@o
oo@@@@XX.........XX@@@@oo
oo@@@@@XX.......XX@@@@@oo
ooo@@@@@#X+'+'+X#@@@@@ooo
oooo@@@@@@@@@@@@@@@@@oooo
oooooo@@@@@@@@@@@@@oooooo
oooooooo@@@@@@@@@oooooooo
oooooooooo@@@@@oooooooooo
oooooooooo@@@@@oooooooooo
oooooooooo@@@@@oooooooooo
endmap
done

name: n1_mall_entrance_1_roof_whales
subname: n1_mall_entrance_1_whales
type: mall entrance
floor: 1

tile: o = empty
tile: . = roof
tile: * = w:3 glass roof / w:1 roof

map:
........*********........
........*********........
........*********........
........*********........
........*********........
........*********........
........*********........
........*********........
........*********........
........*********........
........*********........
........*********........
oo.......*******.......oo
ooo.......*****.......ooo
oooo.................oooo
ooooo...............ooooo
oooooo.............oooooo
ooooooo...........ooooooo
oooooooo.........oooooooo
ooooooooooooooooooooooooo
ooooooooooooooooooooooooo
ooooooooooooooooooooooooo
ooooooooooooooooooooooooo
ooooooooooooooooooooooooo
ooooooooooooooooooooooooo
endmap
done

name: n1_mall_entrance_2_whales
subname: n1_mall_entrance_2_whales
type: mall entrance
neighbors: 1

tile: # = stone wall
tile: . = floor
tile: o = grass / dirt
tile: @ = concrete floor
tile: % = short stone wall
tile: * = dirt
tile: T = w:2 small tree / w:1 dirt
tile: X = glass wall
tile_group: Y = w:3 glass wall / w:1 stone wall
tile: + = closed glass door
tile: 12 = w:3 closed glass door / w:1 glass wall
tile: & = mall map

tile: Btp = floor
furniture: B = bench
furniture: t = trash can
item_group: 50 t = items_trash
num_items: p = c: 1d2 - 1; dead plant

map:
#.......................#
#.......................#
#.......p.......p.......#
#.......................#
#..........%%%..........#
#..........%T%..........#
#.........B%*%B.........#
#.........B%T%B.........#
#.........B%*%B.........#
#..........%T%..........#
#..........%%%..........#
#.......................#
#.......p.&&&&&.p.......#
#.......................#
#.......................#
#.......................#
#.......t.......t.......#
#.......................#
YYYY1YYY#.......#YYY2YYYY
oo@@@@@@X.......X@@@@@@oo
ooo@@@@@XX.....XX@@@@@ooo
oooooo@@@X+X+X+X@@@oooooo
ooooooo@@@@@@@@@@@ooooooo
oooooooo@@@@@@@@@oooooooo
ooooooooo@@@@@@@ooooooooo
endmap
done

name: n1_mall_entrance_2_roof_whales
subname: n1_mall_entrance_2
type: mall entrance
level: 1

tile: o = empty
tile: . = roof
tile: * = w:3 glass roof / w:1 roof

map:
........*********........
........*********........
........*********........
........*********........
........*********........
........*********........
........*********........
........*********........
........*********........
........*********........
........*********........
........*********........
........*********........
........*********........
.........*******.........
..........*****..........
.........................
.........................
oooooooo.........oooooooo
oooooooo.........oooooooo
oooooooo.........oooooooo
ooooooooo.......ooooooooo
ooooooooooooooooooooooooo
ooooooooooooooooooooooooo
ooooooooooooooooooooooooo
endmap
done

name: n11_mall_entrance_1_whales
subname: n11_mall_entrance_1_whales
type: mall entrance
neighbors: 11

tile: # = stone wall
tile: . = floor
tile: & = mall map
tile: % = short stone wall
tile: T = w:2 small tree / w:1 dirt
tile: * = dirt
tile: o = grass / dirt
tile: @ = concrete floor
tile: X = glass wall
tile: + = closed glass door

subst: A = w:2 A / w:1 .
subst: B = w:2 B / w:1 .
subst: C = w:2 C / w:1 .
subst: D = w:2 D / w:1 .

tile: ABCD = floor
furniture: ABCD = bench

map:
#.......................#
#.......................#
#.......................#
##......A%%%%%%%B......##
o##.....A%T*T*T%B.....##o
oo##....A%%%%%%%B....##oo
ooo##...............##ooo
oooo##.............##oooo
ooooo##...........##ooooo
@@@@@@X...........X@@@@@@
@@@@@@+.....&.....+@@@@@@
@@@@@@X.....&.....X@@@@@@
@@@@@@+.....&.....+@@@@@@
@@@@@@X.....&.....X@@@@@@
@@@@@@+.....&.....+@@@@@@
@@@@@@X...........X@@@@@@
ooooo##...........##ooooo
oooo##.............##oooo
ooo##...............##ooo
oo##....C%%%%%%%D....##oo
o##.....C%T*T*T%D.....##o
##......C%%%%%%%D......##
#.......................#
#.......................#
#.......................#
endmap
done

name: n11_mall_entrance_1_roof_whales
subname: n11_mall_entrance_1_whales
type: mall entrance
level: 1

tile: o = empty
tile: . = roof
tile: * = w:3 glass roof / w:1 roof

map:
........*********........
........*********........
........*********........
........*********........
o........*******........o
oo.........***.........oo
ooo...................ooo
oooo.................oooo
ooooo...............ooooo
oooooo.............oooooo
oooooo.............oooooo
oooooo.............oooooo
oooooo.............oooooo
oooooo.............oooooo
oooooo.............oooooo
oooooo.............oooooo
ooooo...............ooooo
oooo.................oooo
ooo...................ooo
oo.........***.........oo
o........*******........o
........*********........
........*********........
........*********........
........*********........
endmap
done

name: n2_mall_entrance_1_whales
subname: n2_mall_entrance_1_whales
type: mall entrance
neighbors: 2

tile: # = stone wall
tile: X = glass wall
tile: + = closed glass door
tile_group: ' = w:2 glass wall / w:1 closed glass door
tile: . = floor
tile: * = dirt
tile: o = grass / dirt
tile: @ = concrete floor
tile: T = w:2 small tree / w:1 dirt
tile: % = short stone wall
tile: & = mall map

tile: pt = floor
furniture: t = trash can
item_group: 65 t = items_trash
num_items: p = c: 1d2 - 1; dead plant

map:
#.......................#
#........................
##.......................
o##.......%%%%%%%........
oo##......%T*T*T%........
ooo##.....%%%%%%%........
oooo##...................
ooooo##t.................
@@@@@@X............%%%...
@@@@@@X............%T%...
@@@@@@'...p........%*%...
@@@@@@X...&........%T%...
@@@@@@+...&&.......%*%...
@@@@@@+...&&&......%T%...
@@@@@@X...&&&&p....%%%...
@@@@@@'..................
@@@@@@Xt.................
@@@@@@Xpt........t.......
o@@@@@#XX'X++X'XX#.......
oo@@@@@@@@@@@@@@@##......
ooo@@@@@@@@@@@@@@o##.....
oooo@@@@@@@@@@@@@oo##....
ooooo@@@@@@@@@@@@ooo##...
oooooo@@@@@@@@@@@oooo##..
ooooooo@@@@@@@@@@ooooo###
endmap
done

name: n2_mall_entrance_1_roof_whales
subname: n2_mall_entrance_1_whales
type: mall entrance
level: 1

tile: o = empty
tile: . = roof
tile_group: * = w:3 glass roof / w:1 roof

map:
........*********........
........*********........
........*********........
o.......*********........
oo......*********........
ooo.....*********........
oooo....*********........
ooooo...*********........
oooooo...****************
oooooo....***************
oooooo....***************
oooooo....***************
oooooo....***************
oooooo....***************
oooooo.....**************
oooooo..........*********
oooooo...........********
oooooo...................
oooooo...................
ooooooooooooooooo........
oooooooooooooooooo.......
ooooooooooooooooooo......
oooooooooooooooooooo.....
ooooooooooooooooooooo....
oooooooooooooooooooooo...
endmap
done

name: n3_mall_entrance_1_whales
subname: n3_mall_entrance_1_whales
type: mall entrance
neighbors: 3

tile: # = stone wall
tile: X = glass wall
tile: . = floor
tile: o = grass / dirt
tile: @ = concrete floor
tile: + = closed glass door
tile_group: ' = w:3 glass wall / w:1 closed glass door
tile: & = mall map
tile: % = short stone wall
tile: * = dirt
tile: T = w:2 small tree / w:1 dirt

tile: tp = floor
furniture: t = trash can
item_group: 65 t = items_trash
num_items: p = c: 1d2 - 1; dead plant

map:
#.......................#
#........................
##.......................
oXX.........%%%..........
ooXX........%T%..........
oooXX.......%*%..........
ooooXX......%T%..........
oooooXX....t%%%..........
@@@@@@X..................
@@@@@@X..................
@@@@@@+.......&...p......
@@@@@@'......&&..........
@@@@@@+.....&&&..........
@@@@@@'......&&..........
@@@@@@+.......&...p......
@@@@@@X..................
@@@@@@X..................
oooooXX....t%%%..........
ooooXX......%T%..........
oooXX.......%*%..........
ooXX........%T%..........
oXX.........%%%..........
##.......................
#........................
#.......................#
endmap
done

name: n3_mall_entrance_1_roof_whales
subname: n3_mall_entrance_1_whales
type: mall entrance
level: 1

tile: o = empty
tile: . = roof
tile_group: * = w:3 glass roof / w:1 roof

map:
........*********........
........*********........
........*********........
o.......*********........
oo......*********........
ooo.....*********........
oooo....*********........
ooooo...*********........
oooooo..*****************
oooooo..*****************
oooooo..*****************
oooooo..*****************
oooooo..*****************
oooooo..*****************
oooooo..*****************
oooooo..*****************
oooooo..*****************
ooooo...*********........
oooo....*********........
ooo.....*********........
oo......*********........
o.......*********........
........*********........
........*********........
........*********........
endmap
done

# A mall entrance with four neighbors should never happen.  But let's put this
# here just in case.
name: n4_mall_entrance
subname: n4_mall_entrance
type: mall entrance
neighbors: 4

tile: . = floor

map:
.........................
.........................
.........................
.........................
.........................
.........................
.........................
.........................
.........................
.........................
.........................
.........................
.........................
.........................
.........................
.........................
.........................
.........................
.........................
.........................
.........................
.........................
.........................
.........................
.........................
endmap
done

name: n4_mall_entrance_roof
subname: n4_mall_entrance
type: mall entrance
level: 1

tile: . = roof

map:
.........................
.........................
.........................
.........................
.........................
.........................
.........................
.........................
.........................
.........................
.........................
.........................
.........................
.........................
.........................
.........................
.........................
.........................
.........................
.........................
.........................
.........................
.........................
.........................
.........................
endmap
done

# A recommended format for spec names is <DESC>_<TYPE>_<NAME>
#  <DESC> is a short description of the unusual feature of this spec.  If it is
#         not unusual, use "std".
#  <TYPE> is the World_terrain used here.
#  <NAME> is your name, initials, or handle.
# This format makes it easy to identify the spec when debugging.
#
# The "tile:" line uses the following format:
#       tile: abc = w:20 dirt / w:15 grass / tree
# "abc" is a list of characters which, when found in the map section, will use
# this terrain.  You can include spaces and they will be ignored.
# " = " delineates between the list of characters and the terrain spec.  It must
# be surrounded by spaces.
# The rest of the line is a list of terrain names (from terrain.dat).  A terrain
# is randomly picked from this list.  You must place " / " between terrain
# names.  You can also include "w:20" with the terrain name to define its
# weight for random selection.  If omitted, the weight defaults to 10.  A
# terrain with weight 20 is twice as likely to be chosen as a terrain with
# weight 10.
#
# The "base_terrain:" line uses the same terrain spec format, but of course the
# list of characters and the " = " are not used.
#
# The "items:" line uses the following format:
#       50 abc = rock / w:20 stick
# The number at the front MUST be present.  It's the percentage chance of
# placing a single item.  If one item is used, the same chance is used to decide
# whether to place a second item, and so on until the chance fails.  It must be
# between 1 and 99.  If it's not, you will be warned and the chance will be
# corrected.
# The rest of the line is very similar to the terrain specifications, but with
# item names (from items.dat) instead of terrain names.
#
# The "map:" tag should appear on its own line.  It is followed by 25 lines of
# 25 characters each - you will be warned if there are missing characters or
# extra characters.  It is a list of characters which refer back to the "tile:"
# or "items:" lines.  If no matching "tile:" is found, the base_terrain is used;
# if the base_terrain is not present, the first terrain in terrain.dat is used.
#
# "Adjacency" specs are identified by placing the "adjacent" tag in the spec.
# These specs are used when generating a map ADJACENT to the specified type.
# Adjacency specs should be designed as if the adjacent terrain were to the
# north; the spec will be rotated as needed.
# The base terrain is generated, and then the adjacency map is generated on top.
# Adjacency specs are the same as normal maps, but with the difference that
# it is allowed to use "nothing" as a terrain name.  If "nothing" is selected,
# then the terrain in the map will be unchanged.  Also, ONLY floor terrain will
# be changed; non-floor terrain will be unchanged.
