
name: n2_food_court_mall_whales
subname: mall_2
type: mall
neighbors: 2

tile: # = stone wall
tile: . = floor
tile: , = floor_lock
tile: % = counter
tile: T = toilet
tile: K = sink
tile: + = w:4 locked door / w:1 closed door / w:1 open door
tile: & = affixed table
tile: S = stove

tile: Pp = floor
furniture: Pp = plastic chair

tile: ^ = counter
item_group: 70 ^ = items_kitchen_counter
tile: F = fridge
item_group: 75 F = items_fast_food
tile: $ = shelves
item_group: 70 $ = items_food_shelves

map:
#.......................#
#........................
#........................
######.!&&!..!&&!..!&&!..
#F$#,%.!&&!..!&&!..!&&!..
#^.+,%...................
#S.#,%...................
#^$#.%.!&&!..!&&!..!&&!..
######.!&&!..!&&!..!&&!..
#S^#,%...................
#$.+,%...................
#$.#,%.!&&!..!&&!..!&&!..
#F^#.%.!&&!..!&&!..!&&!..
######...................
#^^#,%.....%###%.........
#S.+,%.....%.#.%.........
#F.#,%.....%F#F%.........
#$$#.%.....%###%.........
######...................
#T...'...!!!..!!!..!!!...
#K...#...&&&..&&&..&&&...
######...&&&..&&&..&&&...
#K...'...!!!..!!!..!!!...
#T...#...................
#########################
endmap
done

