name: testing_z_level
subname: tzl
type: town square
base_terrain: dirt / grass
tile: < = stairs up
map:
.........................
.........................
.........................
.........................
.........................
.........................
...........<.............
.........................
.........................
.........................
.........................
.........................
.........................
.........................
.........................
.........................
.........................
.........................
.........................
.........................
.........................
.........................
.........................
.........................
.........................
endmap
done

name: testing_z_level_1
subname: tzl
level: 1
type: town square
tile: < = stairs down
tile: o = floor
tile: . = empty
map:
.........................
.........................
.........................
.........................
.........................
..........ooooo..........
..........o<ooo..........
..........ooooo..........
.........................
.........................
.........................
.........................
.........................
.........................
.........................
.........................
.........................
.........................
.........................
.........................
.........................
.........................
.........................
.........................
.........................
endmap
done

