name: testing_z_level
subname: tzl
type: town square
base_terrain: dirt / grass
shuffle: abcd
tile: a = stairs up
tile: bcd = stone wall
map:
.........................
.........................
.........................
.........................
.........................
.........................
..........abcd...........
.........................
.........................
.........................
.........................
.........................
.........................
.........................
.........................
.........................
.........................
.........................
.........................
.........................
.........................
.........................
.........................
.........................
.........................
endmap
done

name: testing_z_level_1
subname: tzl
level: 1
type: town square
flags: autostairs
tile: o = floor
tile: . = empty
map:
.........................
.........................
.........................
.........................
.........................
..........ooooo..........
..........ooooo..........
..........ooooo..........
.........................
.........................
.........................
.........................
.........................
.........................
.........................
.........................
.........................
.........................
.........................
.........................
.........................
.........................
.........................
.........................
.........................
endmap
done

